Archive member included to satisfy reference by file (symbol)

c:/st/stm32cubeide_1.1.0/stm32cubeide/plugins/com.st.stm32cube.ide.mcu.externaltools.gnu-tools-for-stm32.7-2018-q2-update.win32_1.0.0.201904181610/tools/bin/../lib/gcc/arm-none-eabi/7.3.1/../../../../arm-none-eabi/lib/thumb/v7e-m/fpv4-sp/hard\libc_nano.a(lib_a-exit.o)
                              c:/st/stm32cubeide_1.1.0/stm32cubeide/plugins/com.st.stm32cube.ide.mcu.externaltools.gnu-tools-for-stm32.7-2018-q2-update.win32_1.0.0.201904181610/tools/bin/../lib/gcc/arm-none-eabi/7.3.1/../../../../arm-none-eabi/lib/thumb/v7e-m/fpv4-sp/hard/crt0.o (exit)
c:/st/stm32cubeide_1.1.0/stm32cubeide/plugins/com.st.stm32cube.ide.mcu.externaltools.gnu-tools-for-stm32.7-2018-q2-update.win32_1.0.0.201904181610/tools/bin/../lib/gcc/arm-none-eabi/7.3.1/../../../../arm-none-eabi/lib/thumb/v7e-m/fpv4-sp/hard\libc_nano.a(lib_a-impure.o)
                              c:/st/stm32cubeide_1.1.0/stm32cubeide/plugins/com.st.stm32cube.ide.mcu.externaltools.gnu-tools-for-stm32.7-2018-q2-update.win32_1.0.0.201904181610/tools/bin/../lib/gcc/arm-none-eabi/7.3.1/../../../../arm-none-eabi/lib/thumb/v7e-m/fpv4-sp/hard\libc_nano.a(lib_a-exit.o) (_global_impure_ptr)
c:/st/stm32cubeide_1.1.0/stm32cubeide/plugins/com.st.stm32cube.ide.mcu.externaltools.gnu-tools-for-stm32.7-2018-q2-update.win32_1.0.0.201904181610/tools/bin/../lib/gcc/arm-none-eabi/7.3.1/../../../../arm-none-eabi/lib/thumb/v7e-m/fpv4-sp/hard\libc_nano.a(lib_a-init.o)
                              c:/st/stm32cubeide_1.1.0/stm32cubeide/plugins/com.st.stm32cube.ide.mcu.externaltools.gnu-tools-for-stm32.7-2018-q2-update.win32_1.0.0.201904181610/tools/bin/../lib/gcc/arm-none-eabi/7.3.1/../../../../arm-none-eabi/lib/thumb/v7e-m/fpv4-sp/hard/crt0.o (__libc_init_array)
c:/st/stm32cubeide_1.1.0/stm32cubeide/plugins/com.st.stm32cube.ide.mcu.externaltools.gnu-tools-for-stm32.7-2018-q2-update.win32_1.0.0.201904181610/tools/bin/../lib/gcc/arm-none-eabi/7.3.1/../../../../arm-none-eabi/lib/thumb/v7e-m/fpv4-sp/hard\libc_nano.a(lib_a-memset.o)
                              c:/st/stm32cubeide_1.1.0/stm32cubeide/plugins/com.st.stm32cube.ide.mcu.externaltools.gnu-tools-for-stm32.7-2018-q2-update.win32_1.0.0.201904181610/tools/bin/../lib/gcc/arm-none-eabi/7.3.1/../../../../arm-none-eabi/lib/thumb/v7e-m/fpv4-sp/hard/crt0.o (memset)
c:/st/stm32cubeide_1.1.0/stm32cubeide/plugins/com.st.stm32cube.ide.mcu.externaltools.gnu-tools-for-stm32.7-2018-q2-update.win32_1.0.0.201904181610/tools/bin/../lib/gcc/arm-none-eabi/7.3.1/../../../../arm-none-eabi/lib/thumb/v7e-m/fpv4-sp/hard\libc_nano.a(lib_a-strlen.o)
                              src/tiny_printf.o (strlen)
c:/st/stm32cubeide_1.1.0/stm32cubeide/plugins/com.st.stm32cube.ide.mcu.externaltools.gnu-tools-for-stm32.7-2018-q2-update.win32_1.0.0.201904181610/tools/bin/../lib/gcc/arm-none-eabi/7.3.1/../../../../arm-none-eabi/lib/thumb/v7e-m/fpv4-sp/hard\libnosys.a(write.o)
                              src/tiny_printf.o (_write)
c:/st/stm32cubeide_1.1.0/stm32cubeide/plugins/com.st.stm32cube.ide.mcu.externaltools.gnu-tools-for-stm32.7-2018-q2-update.win32_1.0.0.201904181610/tools/bin/../lib/gcc/arm-none-eabi/7.3.1/../../../../arm-none-eabi/lib/thumb/v7e-m/fpv4-sp/hard\libnosys.a(_exit.o)
                              c:/st/stm32cubeide_1.1.0/stm32cubeide/plugins/com.st.stm32cube.ide.mcu.externaltools.gnu-tools-for-stm32.7-2018-q2-update.win32_1.0.0.201904181610/tools/bin/../lib/gcc/arm-none-eabi/7.3.1/../../../../arm-none-eabi/lib/thumb/v7e-m/fpv4-sp/hard\libc_nano.a(lib_a-exit.o) (_exit)
c:/st/stm32cubeide_1.1.0/stm32cubeide/plugins/com.st.stm32cube.ide.mcu.externaltools.gnu-tools-for-stm32.7-2018-q2-update.win32_1.0.0.201904181610/tools/bin/../lib/gcc/arm-none-eabi/7.3.1/../../../../arm-none-eabi/lib/thumb/v7e-m/fpv4-sp/hard\libnosys.a(errno.o)
                              c:/st/stm32cubeide_1.1.0/stm32cubeide/plugins/com.st.stm32cube.ide.mcu.externaltools.gnu-tools-for-stm32.7-2018-q2-update.win32_1.0.0.201904181610/tools/bin/../lib/gcc/arm-none-eabi/7.3.1/../../../../arm-none-eabi/lib/thumb/v7e-m/fpv4-sp/hard\libnosys.a(write.o) (errno)

Allocating common symbols
Common symbol       size              file

errno               0x4               c:/st/stm32cubeide_1.1.0/stm32cubeide/plugins/com.st.stm32cube.ide.mcu.externaltools.gnu-tools-for-stm32.7-2018-q2-update.win32_1.0.0.201904181610/tools/bin/../lib/gcc/arm-none-eabi/7.3.1/../../../../arm-none-eabi/lib/thumb/v7e-m/fpv4-sp/hard\libnosys.a(errno.o)

Discarded input sections

 .text          0x0000000000000000        0x0 c:/st/stm32cubeide_1.1.0/stm32cubeide/plugins/com.st.stm32cube.ide.mcu.externaltools.gnu-tools-for-stm32.7-2018-q2-update.win32_1.0.0.201904181610/tools/bin/../lib/gcc/arm-none-eabi/7.3.1/thumb/v7e-m/fpv4-sp/hard/crti.o
 .data          0x0000000000000000        0x0 c:/st/stm32cubeide_1.1.0/stm32cubeide/plugins/com.st.stm32cube.ide.mcu.externaltools.gnu-tools-for-stm32.7-2018-q2-update.win32_1.0.0.201904181610/tools/bin/../lib/gcc/arm-none-eabi/7.3.1/thumb/v7e-m/fpv4-sp/hard/crti.o
 .bss           0x0000000000000000        0x0 c:/st/stm32cubeide_1.1.0/stm32cubeide/plugins/com.st.stm32cube.ide.mcu.externaltools.gnu-tools-for-stm32.7-2018-q2-update.win32_1.0.0.201904181610/tools/bin/../lib/gcc/arm-none-eabi/7.3.1/thumb/v7e-m/fpv4-sp/hard/crti.o
 .data          0x0000000000000000        0x4 c:/st/stm32cubeide_1.1.0/stm32cubeide/plugins/com.st.stm32cube.ide.mcu.externaltools.gnu-tools-for-stm32.7-2018-q2-update.win32_1.0.0.201904181610/tools/bin/../lib/gcc/arm-none-eabi/7.3.1/thumb/v7e-m/fpv4-sp/hard/crtbegin.o
 .text          0x0000000000000000       0x74 c:/st/stm32cubeide_1.1.0/stm32cubeide/plugins/com.st.stm32cube.ide.mcu.externaltools.gnu-tools-for-stm32.7-2018-q2-update.win32_1.0.0.201904181610/tools/bin/../lib/gcc/arm-none-eabi/7.3.1/../../../../arm-none-eabi/lib/thumb/v7e-m/fpv4-sp/hard/crt0.o
 .data          0x0000000000000000        0x0 c:/st/stm32cubeide_1.1.0/stm32cubeide/plugins/com.st.stm32cube.ide.mcu.externaltools.gnu-tools-for-stm32.7-2018-q2-update.win32_1.0.0.201904181610/tools/bin/../lib/gcc/arm-none-eabi/7.3.1/../../../../arm-none-eabi/lib/thumb/v7e-m/fpv4-sp/hard/crt0.o
 .bss           0x0000000000000000        0x0 c:/st/stm32cubeide_1.1.0/stm32cubeide/plugins/com.st.stm32cube.ide.mcu.externaltools.gnu-tools-for-stm32.7-2018-q2-update.win32_1.0.0.201904181610/tools/bin/../lib/gcc/arm-none-eabi/7.3.1/../../../../arm-none-eabi/lib/thumb/v7e-m/fpv4-sp/hard/crt0.o
 .ARM.extab     0x0000000000000000        0x0 c:/st/stm32cubeide_1.1.0/stm32cubeide/plugins/com.st.stm32cube.ide.mcu.externaltools.gnu-tools-for-stm32.7-2018-q2-update.win32_1.0.0.201904181610/tools/bin/../lib/gcc/arm-none-eabi/7.3.1/../../../../arm-none-eabi/lib/thumb/v7e-m/fpv4-sp/hard/crt0.o
 .ARM.exidx     0x0000000000000000        0x8 c:/st/stm32cubeide_1.1.0/stm32cubeide/plugins/com.st.stm32cube.ide.mcu.externaltools.gnu-tools-for-stm32.7-2018-q2-update.win32_1.0.0.201904181610/tools/bin/../lib/gcc/arm-none-eabi/7.3.1/../../../../arm-none-eabi/lib/thumb/v7e-m/fpv4-sp/hard/crt0.o
 .ARM.attributes
                0x0000000000000000       0x20 c:/st/stm32cubeide_1.1.0/stm32cubeide/plugins/com.st.stm32cube.ide.mcu.externaltools.gnu-tools-for-stm32.7-2018-q2-update.win32_1.0.0.201904181610/tools/bin/../lib/gcc/arm-none-eabi/7.3.1/../../../../arm-none-eabi/lib/thumb/v7e-m/fpv4-sp/hard/crt0.o
 .group         0x0000000000000000        0xc src/Drivers/GPIO/GPIO.o
 .group         0x0000000000000000        0xc src/Drivers/GPIO/GPIO.o
 .group         0x0000000000000000        0xc src/Drivers/GPIO/GPIO.o
 .group         0x0000000000000000        0xc src/Drivers/GPIO/GPIO.o
 .group         0x0000000000000000        0xc src/Drivers/GPIO/GPIO.o
 .group         0x0000000000000000        0xc src/Drivers/GPIO/GPIO.o
 .group         0x0000000000000000        0xc src/Drivers/GPIO/GPIO.o
 .group         0x0000000000000000        0xc src/Drivers/GPIO/GPIO.o
 .group         0x0000000000000000        0xc src/Drivers/GPIO/GPIO.o
 .group         0x0000000000000000        0xc src/Drivers/GPIO/GPIO.o
 .group         0x0000000000000000        0xc src/Drivers/GPIO/GPIO.o
 .group         0x0000000000000000        0xc src/Drivers/GPIO/GPIO.o
 .group         0x0000000000000000        0xc src/Drivers/GPIO/GPIO.o
 .group         0x0000000000000000        0xc src/Drivers/GPIO/GPIO.o
 .group         0x0000000000000000        0xc src/Drivers/GPIO/GPIO.o
 .group         0x0000000000000000        0xc src/Drivers/GPIO/GPIO.o
 .text          0x0000000000000000        0x0 src/Drivers/GPIO/GPIO.o
 .data          0x0000000000000000        0x0 src/Drivers/GPIO/GPIO.o
 .bss           0x0000000000000000        0x0 src/Drivers/GPIO/GPIO.o
 .group         0x0000000000000000        0xc src/Drivers/TIMER/TIMER.o
 .group         0x0000000000000000        0xc src/Drivers/TIMER/TIMER.o
 .group         0x0000000000000000        0xc src/Drivers/TIMER/TIMER.o
 .group         0x0000000000000000        0xc src/Drivers/TIMER/TIMER.o
 .group         0x0000000000000000        0xc src/Drivers/TIMER/TIMER.o
 .group         0x0000000000000000        0xc src/Drivers/TIMER/TIMER.o
 .group         0x0000000000000000        0xc src/Drivers/TIMER/TIMER.o
 .group         0x0000000000000000        0xc src/Drivers/TIMER/TIMER.o
 .group         0x0000000000000000        0xc src/Drivers/TIMER/TIMER.o
 .group         0x0000000000000000        0xc src/Drivers/TIMER/TIMER.o
 .group         0x0000000000000000        0xc src/Drivers/TIMER/TIMER.o
 .group         0x0000000000000000        0xc src/Drivers/TIMER/TIMER.o
 .group         0x0000000000000000        0xc src/Drivers/TIMER/TIMER.o
 .group         0x0000000000000000        0xc src/Drivers/TIMER/TIMER.o
 .group         0x0000000000000000        0xc src/Drivers/TIMER/TIMER.o
 .group         0x0000000000000000        0xc src/Drivers/TIMER/TIMER.o
 .text          0x0000000000000000        0x0 src/Drivers/TIMER/TIMER.o
 .data          0x0000000000000000        0x0 src/Drivers/TIMER/TIMER.o
 .bss           0x0000000000000000        0x0 src/Drivers/TIMER/TIMER.o
 .debug_macro   0x0000000000000000      0xa4e src/Drivers/TIMER/TIMER.o
 .debug_macro   0x0000000000000000       0x2e src/Drivers/TIMER/TIMER.o
 .debug_macro   0x0000000000000000       0x28 src/Drivers/TIMER/TIMER.o
 .debug_macro   0x0000000000000000       0x22 src/Drivers/TIMER/TIMER.o
 .debug_macro   0x0000000000000000       0x8e src/Drivers/TIMER/TIMER.o
 .debug_macro   0x0000000000000000       0x51 src/Drivers/TIMER/TIMER.o
 .debug_macro   0x0000000000000000       0xef src/Drivers/TIMER/TIMER.o
 .debug_macro   0x0000000000000000       0x6a src/Drivers/TIMER/TIMER.o
 .debug_macro   0x0000000000000000      0x1df src/Drivers/TIMER/TIMER.o
 .debug_macro   0x0000000000000000       0x35 src/Drivers/TIMER/TIMER.o
 .debug_macro   0x0000000000000000       0x50 src/Drivers/TIMER/TIMER.o
 .debug_macro   0x0000000000000000      0xe66 src/Drivers/TIMER/TIMER.o
 .debug_macro   0x0000000000000000    0x1a121 src/Drivers/TIMER/TIMER.o
 .debug_macro   0x0000000000000000       0x43 src/Drivers/TIMER/TIMER.o
 .debug_macro   0x0000000000000000       0x16 src/Drivers/TIMER/TIMER.o
 .debug_macro   0x0000000000000000       0x16 src/Drivers/TIMER/TIMER.o
 .group         0x0000000000000000        0xc src/main.o
 .group         0x0000000000000000        0xc src/main.o
 .group         0x0000000000000000        0xc src/main.o
 .group         0x0000000000000000        0xc src/main.o
 .group         0x0000000000000000        0xc src/main.o
 .group         0x0000000000000000        0xc src/main.o
 .group         0x0000000000000000        0xc src/main.o
 .group         0x0000000000000000        0xc src/main.o
 .group         0x0000000000000000        0xc src/main.o
 .group         0x0000000000000000        0xc src/main.o
 .group         0x0000000000000000        0xc src/main.o
 .group         0x0000000000000000        0xc src/main.o
 .group         0x0000000000000000        0xc src/main.o
 .group         0x0000000000000000        0xc src/main.o
 .group         0x0000000000000000        0xc src/main.o
 .group         0x0000000000000000        0xc src/main.o
 .text          0x0000000000000000        0x0 src/main.o
 .data          0x0000000000000000        0x0 src/main.o
 .bss           0x0000000000000000        0x0 src/main.o
 .bss.VAR_TIM2_IRQHandler
                0x0000000000000000        0x1 src/main.o
 .text.LameTask1
                0x0000000000000000       0x2e src/main.o
 .text.LameTask2
                0x0000000000000000       0x2e src/main.o
 .debug_macro   0x0000000000000000      0xa4e src/main.o
 .debug_macro   0x0000000000000000       0x2e src/main.o
 .debug_macro   0x0000000000000000       0x28 src/main.o
 .debug_macro   0x0000000000000000       0x22 src/main.o
 .debug_macro   0x0000000000000000       0x8e src/main.o
 .debug_macro   0x0000000000000000       0x51 src/main.o
 .debug_macro   0x0000000000000000       0xef src/main.o
 .debug_macro   0x0000000000000000       0x6a src/main.o
 .debug_macro   0x0000000000000000      0x1df src/main.o
 .debug_macro   0x0000000000000000       0x35 src/main.o
 .debug_macro   0x0000000000000000       0x50 src/main.o
 .debug_macro   0x0000000000000000      0xe66 src/main.o
 .debug_macro   0x0000000000000000    0x1a121 src/main.o
 .debug_macro   0x0000000000000000       0x43 src/main.o
 .debug_macro   0x0000000000000000       0x16 src/main.o
 .debug_macro   0x0000000000000000       0x16 src/main.o
 .text          0x0000000000000000       0x14 src/startup_stm32l476xx.o
 .data          0x0000000000000000        0x0 src/startup_stm32l476xx.o
 .bss           0x0000000000000000        0x0 src/startup_stm32l476xx.o
 .group         0x0000000000000000        0xc src/system_stm32l4xx.o
 .group         0x0000000000000000        0xc src/system_stm32l4xx.o
 .group         0x0000000000000000        0xc src/system_stm32l4xx.o
 .group         0x0000000000000000        0xc src/system_stm32l4xx.o
 .group         0x0000000000000000        0xc src/system_stm32l4xx.o
 .group         0x0000000000000000        0xc src/system_stm32l4xx.o
 .group         0x0000000000000000        0xc src/system_stm32l4xx.o
 .group         0x0000000000000000        0xc src/system_stm32l4xx.o
 .group         0x0000000000000000        0xc src/system_stm32l4xx.o
 .group         0x0000000000000000        0xc src/system_stm32l4xx.o
 .group         0x0000000000000000        0xc src/system_stm32l4xx.o
 .group         0x0000000000000000        0xc src/system_stm32l4xx.o
 .group         0x0000000000000000        0xc src/system_stm32l4xx.o
 .group         0x0000000000000000        0xc src/system_stm32l4xx.o
 .text          0x0000000000000000        0x0 src/system_stm32l4xx.o
 .data          0x0000000000000000        0x0 src/system_stm32l4xx.o
 .bss           0x0000000000000000        0x0 src/system_stm32l4xx.o
 .data.SystemCoreClock
                0x0000000000000000        0x4 src/system_stm32l4xx.o
 .rodata.AHBPrescTable
                0x0000000000000000       0x10 src/system_stm32l4xx.o
 .rodata.APBPrescTable
                0x0000000000000000        0x8 src/system_stm32l4xx.o
 .rodata.MSIRangeTable
                0x0000000000000000       0x30 src/system_stm32l4xx.o
 .text.SystemCoreClockUpdate
                0x0000000000000000      0x174 src/system_stm32l4xx.o
 .debug_macro   0x0000000000000000      0xa4e src/system_stm32l4xx.o
 .debug_macro   0x0000000000000000       0x2e src/system_stm32l4xx.o
 .debug_macro   0x0000000000000000       0x28 src/system_stm32l4xx.o
 .debug_macro   0x0000000000000000       0x22 src/system_stm32l4xx.o
 .debug_macro   0x0000000000000000       0x8e src/system_stm32l4xx.o
 .debug_macro   0x0000000000000000       0x51 src/system_stm32l4xx.o
 .debug_macro   0x0000000000000000       0xef src/system_stm32l4xx.o
 .debug_macro   0x0000000000000000       0x6a src/system_stm32l4xx.o
 .debug_macro   0x0000000000000000      0x1df src/system_stm32l4xx.o
 .debug_macro   0x0000000000000000       0x35 src/system_stm32l4xx.o
 .debug_macro   0x0000000000000000       0x50 src/system_stm32l4xx.o
 .debug_macro   0x0000000000000000      0xe66 src/system_stm32l4xx.o
 .debug_macro   0x0000000000000000    0x1a121 src/system_stm32l4xx.o
 .debug_macro   0x0000000000000000       0x43 src/system_stm32l4xx.o
 .group         0x0000000000000000        0xc src/tiny_printf.o
 .group         0x0000000000000000        0xc src/tiny_printf.o
 .group         0x0000000000000000        0xc src/tiny_printf.o
 .group         0x0000000000000000        0xc src/tiny_printf.o
 .group         0x0000000000000000        0xc src/tiny_printf.o
 .group         0x0000000000000000        0xc src/tiny_printf.o
 .group         0x0000000000000000        0xc src/tiny_printf.o
 .group         0x0000000000000000        0xc src/tiny_printf.o
 .group         0x0000000000000000        0xc src/tiny_printf.o
 .group         0x0000000000000000        0xc src/tiny_printf.o
 .group         0x0000000000000000        0xc src/tiny_printf.o
 .group         0x0000000000000000        0xc src/tiny_printf.o
 .group         0x0000000000000000        0xc src/tiny_printf.o
 .group         0x0000000000000000        0xc src/tiny_printf.o
 .group         0x0000000000000000        0xc src/tiny_printf.o
 .group         0x0000000000000000        0xc src/tiny_printf.o
 .group         0x0000000000000000        0xc src/tiny_printf.o
 .group         0x0000000000000000        0xc src/tiny_printf.o
 .group         0x0000000000000000        0xc src/tiny_printf.o
 .group         0x0000000000000000        0xc src/tiny_printf.o
 .group         0x0000000000000000        0xc src/tiny_printf.o
 .group         0x0000000000000000        0xc src/tiny_printf.o
 .group         0x0000000000000000        0xc src/tiny_printf.o
 .group         0x0000000000000000        0xc src/tiny_printf.o
 .group         0x0000000000000000        0xc src/tiny_printf.o
 .group         0x0000000000000000        0xc src/tiny_printf.o
 .group         0x0000000000000000        0xc src/tiny_printf.o
 .group         0x0000000000000000        0xc src/tiny_printf.o
 .group         0x0000000000000000        0xc src/tiny_printf.o
 .group         0x0000000000000000        0xc src/tiny_printf.o
 .group         0x0000000000000000        0xc src/tiny_printf.o
 .group         0x0000000000000000        0xc src/tiny_printf.o
 .group         0x0000000000000000        0xc src/tiny_printf.o
 .text          0x0000000000000000        0x0 src/tiny_printf.o
 .data          0x0000000000000000        0x0 src/tiny_printf.o
 .bss           0x0000000000000000        0x0 src/tiny_printf.o
 .text.ts_itoa  0x0000000000000000       0x92 src/tiny_printf.o
 .text.ts_formatstring
                0x0000000000000000      0x12e src/tiny_printf.o
 .text.ts_formatlength
                0x0000000000000000      0x12c src/tiny_printf.o
 .text.siprintf
                0x0000000000000000       0x2c src/tiny_printf.o
 .text.fiprintf
                0x0000000000000000       0xa4 src/tiny_printf.o
 .text.iprintf  0x0000000000000000       0x9c src/tiny_printf.o
 .rodata        0x0000000000000000        0x2 src/tiny_printf.o
 .text.fputs    0x0000000000000000       0x68 src/tiny_printf.o
 .text.puts     0x0000000000000000       0x58 src/tiny_printf.o
 .text.fwrite   0x0000000000000000       0x38 src/tiny_printf.o
 .debug_info    0x0000000000000000      0xc75 src/tiny_printf.o
 .debug_abbrev  0x0000000000000000      0x265 src/tiny_printf.o
 .debug_aranges
                0x0000000000000000       0x60 src/tiny_printf.o
 .debug_ranges  0x0000000000000000       0x50 src/tiny_printf.o
 .debug_macro   0x0000000000000000      0x1c0 src/tiny_printf.o
 .debug_macro   0x0000000000000000      0xa4e src/tiny_printf.o
 .debug_macro   0x0000000000000000       0x58 src/tiny_printf.o
 .debug_macro   0x0000000000000000       0x22 src/tiny_printf.o
 .debug_macro   0x0000000000000000       0x40 src/tiny_printf.o
 .debug_macro   0x0000000000000000       0x18 src/tiny_printf.o
 .debug_macro   0x0000000000000000       0x94 src/tiny_printf.o
 .debug_macro   0x0000000000000000       0x3c src/tiny_printf.o
 .debug_macro   0x0000000000000000       0x34 src/tiny_printf.o
 .debug_macro   0x0000000000000000       0x16 src/tiny_printf.o
 .debug_macro   0x0000000000000000       0x57 src/tiny_printf.o
 .debug_macro   0x0000000000000000       0x97 src/tiny_printf.o
 .debug_macro   0x0000000000000000      0x330 src/tiny_printf.o
 .debug_macro   0x0000000000000000       0xfd src/tiny_printf.o
 .debug_macro   0x0000000000000000       0x52 src/tiny_printf.o
 .debug_macro   0x0000000000000000       0x1f src/tiny_printf.o
 .debug_macro   0x0000000000000000       0x43 src/tiny_printf.o
 .debug_macro   0x0000000000000000       0x20 src/tiny_printf.o
 .debug_macro   0x0000000000000000      0x1a3 src/tiny_printf.o
 .debug_macro   0x0000000000000000       0x10 src/tiny_printf.o
 .debug_macro   0x0000000000000000       0x6a src/tiny_printf.o
 .debug_macro   0x0000000000000000       0x1c src/tiny_printf.o
 .debug_macro   0x0000000000000000       0x52 src/tiny_printf.o
 .debug_macro   0x0000000000000000       0x40 src/tiny_printf.o
 .debug_macro   0x0000000000000000       0x10 src/tiny_printf.o
 .debug_macro   0x0000000000000000       0x40 src/tiny_printf.o
 .debug_macro   0x0000000000000000       0xd7 src/tiny_printf.o
 .debug_macro   0x0000000000000000       0x1c src/tiny_printf.o
 .debug_macro   0x0000000000000000       0x3d src/tiny_printf.o
 .debug_macro   0x0000000000000000       0x16 src/tiny_printf.o
 .debug_macro   0x0000000000000000      0x145 src/tiny_printf.o
 .debug_macro   0x0000000000000000       0x16 src/tiny_printf.o
 .debug_macro   0x0000000000000000       0x35 src/tiny_printf.o
 .debug_macro   0x0000000000000000       0x20 src/tiny_printf.o
 .debug_line    0x0000000000000000      0x684 src/tiny_printf.o
 .debug_str     0x0000000000000000     0x7851 src/tiny_printf.o
 .comment       0x0000000000000000       0x7c src/tiny_printf.o
 .debug_frame   0x0000000000000000      0x1ac src/tiny_printf.o
 .ARM.attributes
                0x0000000000000000       0x39 src/tiny_printf.o
 .text          0x0000000000000000        0x0 c:/st/stm32cubeide_1.1.0/stm32cubeide/plugins/com.st.stm32cube.ide.mcu.externaltools.gnu-tools-for-stm32.7-2018-q2-update.win32_1.0.0.201904181610/tools/bin/../lib/gcc/arm-none-eabi/7.3.1/../../../../arm-none-eabi/lib/thumb/v7e-m/fpv4-sp/hard\libc_nano.a(lib_a-exit.o)
 .data          0x0000000000000000        0x0 c:/st/stm32cubeide_1.1.0/stm32cubeide/plugins/com.st.stm32cube.ide.mcu.externaltools.gnu-tools-for-stm32.7-2018-q2-update.win32_1.0.0.201904181610/tools/bin/../lib/gcc/arm-none-eabi/7.3.1/../../../../arm-none-eabi/lib/thumb/v7e-m/fpv4-sp/hard\libc_nano.a(lib_a-exit.o)
 .bss           0x0000000000000000        0x0 c:/st/stm32cubeide_1.1.0/stm32cubeide/plugins/com.st.stm32cube.ide.mcu.externaltools.gnu-tools-for-stm32.7-2018-q2-update.win32_1.0.0.201904181610/tools/bin/../lib/gcc/arm-none-eabi/7.3.1/../../../../arm-none-eabi/lib/thumb/v7e-m/fpv4-sp/hard\libc_nano.a(lib_a-exit.o)
 .text.exit     0x0000000000000000       0x28 c:/st/stm32cubeide_1.1.0/stm32cubeide/plugins/com.st.stm32cube.ide.mcu.externaltools.gnu-tools-for-stm32.7-2018-q2-update.win32_1.0.0.201904181610/tools/bin/../lib/gcc/arm-none-eabi/7.3.1/../../../../arm-none-eabi/lib/thumb/v7e-m/fpv4-sp/hard\libc_nano.a(lib_a-exit.o)
 .debug_frame   0x0000000000000000       0x28 c:/st/stm32cubeide_1.1.0/stm32cubeide/plugins/com.st.stm32cube.ide.mcu.externaltools.gnu-tools-for-stm32.7-2018-q2-update.win32_1.0.0.201904181610/tools/bin/../lib/gcc/arm-none-eabi/7.3.1/../../../../arm-none-eabi/lib/thumb/v7e-m/fpv4-sp/hard\libc_nano.a(lib_a-exit.o)
 .ARM.attributes
                0x0000000000000000       0x34 c:/st/stm32cubeide_1.1.0/stm32cubeide/plugins/com.st.stm32cube.ide.mcu.externaltools.gnu-tools-for-stm32.7-2018-q2-update.win32_1.0.0.201904181610/tools/bin/../lib/gcc/arm-none-eabi/7.3.1/../../../../arm-none-eabi/lib/thumb/v7e-m/fpv4-sp/hard\libc_nano.a(lib_a-exit.o)
 .text          0x0000000000000000        0x0 c:/st/stm32cubeide_1.1.0/stm32cubeide/plugins/com.st.stm32cube.ide.mcu.externaltools.gnu-tools-for-stm32.7-2018-q2-update.win32_1.0.0.201904181610/tools/bin/../lib/gcc/arm-none-eabi/7.3.1/../../../../arm-none-eabi/lib/thumb/v7e-m/fpv4-sp/hard\libc_nano.a(lib_a-impure.o)
 .data          0x0000000000000000        0x0 c:/st/stm32cubeide_1.1.0/stm32cubeide/plugins/com.st.stm32cube.ide.mcu.externaltools.gnu-tools-for-stm32.7-2018-q2-update.win32_1.0.0.201904181610/tools/bin/../lib/gcc/arm-none-eabi/7.3.1/../../../../arm-none-eabi/lib/thumb/v7e-m/fpv4-sp/hard\libc_nano.a(lib_a-impure.o)
 .bss           0x0000000000000000        0x0 c:/st/stm32cubeide_1.1.0/stm32cubeide/plugins/com.st.stm32cube.ide.mcu.externaltools.gnu-tools-for-stm32.7-2018-q2-update.win32_1.0.0.201904181610/tools/bin/../lib/gcc/arm-none-eabi/7.3.1/../../../../arm-none-eabi/lib/thumb/v7e-m/fpv4-sp/hard\libc_nano.a(lib_a-impure.o)
 .data._impure_ptr
                0x0000000000000000        0x4 c:/st/stm32cubeide_1.1.0/stm32cubeide/plugins/com.st.stm32cube.ide.mcu.externaltools.gnu-tools-for-stm32.7-2018-q2-update.win32_1.0.0.201904181610/tools/bin/../lib/gcc/arm-none-eabi/7.3.1/../../../../arm-none-eabi/lib/thumb/v7e-m/fpv4-sp/hard\libc_nano.a(lib_a-impure.o)
 .data.impure_data
                0x0000000000000000       0x60 c:/st/stm32cubeide_1.1.0/stm32cubeide/plugins/com.st.stm32cube.ide.mcu.externaltools.gnu-tools-for-stm32.7-2018-q2-update.win32_1.0.0.201904181610/tools/bin/../lib/gcc/arm-none-eabi/7.3.1/../../../../arm-none-eabi/lib/thumb/v7e-m/fpv4-sp/hard\libc_nano.a(lib_a-impure.o)
 .rodata._global_impure_ptr
                0x0000000000000000        0x4 c:/st/stm32cubeide_1.1.0/stm32cubeide/plugins/com.st.stm32cube.ide.mcu.externaltools.gnu-tools-for-stm32.7-2018-q2-update.win32_1.0.0.201904181610/tools/bin/../lib/gcc/arm-none-eabi/7.3.1/../../../../arm-none-eabi/lib/thumb/v7e-m/fpv4-sp/hard\libc_nano.a(lib_a-impure.o)
 .ARM.attributes
                0x0000000000000000       0x34 c:/st/stm32cubeide_1.1.0/stm32cubeide/plugins/com.st.stm32cube.ide.mcu.externaltools.gnu-tools-for-stm32.7-2018-q2-update.win32_1.0.0.201904181610/tools/bin/../lib/gcc/arm-none-eabi/7.3.1/../../../../arm-none-eabi/lib/thumb/v7e-m/fpv4-sp/hard\libc_nano.a(lib_a-impure.o)
 .text          0x0000000000000000        0x0 c:/st/stm32cubeide_1.1.0/stm32cubeide/plugins/com.st.stm32cube.ide.mcu.externaltools.gnu-tools-for-stm32.7-2018-q2-update.win32_1.0.0.201904181610/tools/bin/../lib/gcc/arm-none-eabi/7.3.1/../../../../arm-none-eabi/lib/thumb/v7e-m/fpv4-sp/hard\libc_nano.a(lib_a-init.o)
 .data          0x0000000000000000        0x0 c:/st/stm32cubeide_1.1.0/stm32cubeide/plugins/com.st.stm32cube.ide.mcu.externaltools.gnu-tools-for-stm32.7-2018-q2-update.win32_1.0.0.201904181610/tools/bin/../lib/gcc/arm-none-eabi/7.3.1/../../../../arm-none-eabi/lib/thumb/v7e-m/fpv4-sp/hard\libc_nano.a(lib_a-init.o)
 .bss           0x0000000000000000        0x0 c:/st/stm32cubeide_1.1.0/stm32cubeide/plugins/com.st.stm32cube.ide.mcu.externaltools.gnu-tools-for-stm32.7-2018-q2-update.win32_1.0.0.201904181610/tools/bin/../lib/gcc/arm-none-eabi/7.3.1/../../../../arm-none-eabi/lib/thumb/v7e-m/fpv4-sp/hard\libc_nano.a(lib_a-init.o)
 .text          0x0000000000000000        0x0 c:/st/stm32cubeide_1.1.0/stm32cubeide/plugins/com.st.stm32cube.ide.mcu.externaltools.gnu-tools-for-stm32.7-2018-q2-update.win32_1.0.0.201904181610/tools/bin/../lib/gcc/arm-none-eabi/7.3.1/../../../../arm-none-eabi/lib/thumb/v7e-m/fpv4-sp/hard\libc_nano.a(lib_a-memset.o)
 .data          0x0000000000000000        0x0 c:/st/stm32cubeide_1.1.0/stm32cubeide/plugins/com.st.stm32cube.ide.mcu.externaltools.gnu-tools-for-stm32.7-2018-q2-update.win32_1.0.0.201904181610/tools/bin/../lib/gcc/arm-none-eabi/7.3.1/../../../../arm-none-eabi/lib/thumb/v7e-m/fpv4-sp/hard\libc_nano.a(lib_a-memset.o)
 .bss           0x0000000000000000        0x0 c:/st/stm32cubeide_1.1.0/stm32cubeide/plugins/com.st.stm32cube.ide.mcu.externaltools.gnu-tools-for-stm32.7-2018-q2-update.win32_1.0.0.201904181610/tools/bin/../lib/gcc/arm-none-eabi/7.3.1/../../../../arm-none-eabi/lib/thumb/v7e-m/fpv4-sp/hard\libc_nano.a(lib_a-memset.o)
 .text.memset   0x0000000000000000       0x10 c:/st/stm32cubeide_1.1.0/stm32cubeide/plugins/com.st.stm32cube.ide.mcu.externaltools.gnu-tools-for-stm32.7-2018-q2-update.win32_1.0.0.201904181610/tools/bin/../lib/gcc/arm-none-eabi/7.3.1/../../../../arm-none-eabi/lib/thumb/v7e-m/fpv4-sp/hard\libc_nano.a(lib_a-memset.o)
 .debug_frame   0x0000000000000000       0x20 c:/st/stm32cubeide_1.1.0/stm32cubeide/plugins/com.st.stm32cube.ide.mcu.externaltools.gnu-tools-for-stm32.7-2018-q2-update.win32_1.0.0.201904181610/tools/bin/../lib/gcc/arm-none-eabi/7.3.1/../../../../arm-none-eabi/lib/thumb/v7e-m/fpv4-sp/hard\libc_nano.a(lib_a-memset.o)
 .ARM.attributes
                0x0000000000000000       0x34 c:/st/stm32cubeide_1.1.0/stm32cubeide/plugins/com.st.stm32cube.ide.mcu.externaltools.gnu-tools-for-stm32.7-2018-q2-update.win32_1.0.0.201904181610/tools/bin/../lib/gcc/arm-none-eabi/7.3.1/../../../../arm-none-eabi/lib/thumb/v7e-m/fpv4-sp/hard\libc_nano.a(lib_a-memset.o)
 .text          0x0000000000000000       0x10 c:/st/stm32cubeide_1.1.0/stm32cubeide/plugins/com.st.stm32cube.ide.mcu.externaltools.gnu-tools-for-stm32.7-2018-q2-update.win32_1.0.0.201904181610/tools/bin/../lib/gcc/arm-none-eabi/7.3.1/../../../../arm-none-eabi/lib/thumb/v7e-m/fpv4-sp/hard\libc_nano.a(lib_a-strlen.o)
 .data          0x0000000000000000        0x0 c:/st/stm32cubeide_1.1.0/stm32cubeide/plugins/com.st.stm32cube.ide.mcu.externaltools.gnu-tools-for-stm32.7-2018-q2-update.win32_1.0.0.201904181610/tools/bin/../lib/gcc/arm-none-eabi/7.3.1/../../../../arm-none-eabi/lib/thumb/v7e-m/fpv4-sp/hard\libc_nano.a(lib_a-strlen.o)
 .bss           0x0000000000000000        0x0 c:/st/stm32cubeide_1.1.0/stm32cubeide/plugins/com.st.stm32cube.ide.mcu.externaltools.gnu-tools-for-stm32.7-2018-q2-update.win32_1.0.0.201904181610/tools/bin/../lib/gcc/arm-none-eabi/7.3.1/../../../../arm-none-eabi/lib/thumb/v7e-m/fpv4-sp/hard\libc_nano.a(lib_a-strlen.o)
 .ARM.attributes
                0x0000000000000000       0x1b c:/st/stm32cubeide_1.1.0/stm32cubeide/plugins/com.st.stm32cube.ide.mcu.externaltools.gnu-tools-for-stm32.7-2018-q2-update.win32_1.0.0.201904181610/tools/bin/../lib/gcc/arm-none-eabi/7.3.1/../../../../arm-none-eabi/lib/thumb/v7e-m/fpv4-sp/hard\libc_nano.a(lib_a-strlen.o)
 .text          0x0000000000000000        0x0 c:/st/stm32cubeide_1.1.0/stm32cubeide/plugins/com.st.stm32cube.ide.mcu.externaltools.gnu-tools-for-stm32.7-2018-q2-update.win32_1.0.0.201904181610/tools/bin/../lib/gcc/arm-none-eabi/7.3.1/../../../../arm-none-eabi/lib/thumb/v7e-m/fpv4-sp/hard\libnosys.a(write.o)
 .data          0x0000000000000000        0x0 c:/st/stm32cubeide_1.1.0/stm32cubeide/plugins/com.st.stm32cube.ide.mcu.externaltools.gnu-tools-for-stm32.7-2018-q2-update.win32_1.0.0.201904181610/tools/bin/../lib/gcc/arm-none-eabi/7.3.1/../../../../arm-none-eabi/lib/thumb/v7e-m/fpv4-sp/hard\libnosys.a(write.o)
 .bss           0x0000000000000000        0x0 c:/st/stm32cubeide_1.1.0/stm32cubeide/plugins/com.st.stm32cube.ide.mcu.externaltools.gnu-tools-for-stm32.7-2018-q2-update.win32_1.0.0.201904181610/tools/bin/../lib/gcc/arm-none-eabi/7.3.1/../../../../arm-none-eabi/lib/thumb/v7e-m/fpv4-sp/hard\libnosys.a(write.o)
 .stab          0x0000000000000000       0x24 c:/st/stm32cubeide_1.1.0/stm32cubeide/plugins/com.st.stm32cube.ide.mcu.externaltools.gnu-tools-for-stm32.7-2018-q2-update.win32_1.0.0.201904181610/tools/bin/../lib/gcc/arm-none-eabi/7.3.1/../../../../arm-none-eabi/lib/thumb/v7e-m/fpv4-sp/hard\libnosys.a(write.o)
 .text._write   0x0000000000000000       0x10 c:/st/stm32cubeide_1.1.0/stm32cubeide/plugins/com.st.stm32cube.ide.mcu.externaltools.gnu-tools-for-stm32.7-2018-q2-update.win32_1.0.0.201904181610/tools/bin/../lib/gcc/arm-none-eabi/7.3.1/../../../../arm-none-eabi/lib/thumb/v7e-m/fpv4-sp/hard\libnosys.a(write.o)
 .debug_frame   0x0000000000000000       0x20 c:/st/stm32cubeide_1.1.0/stm32cubeide/plugins/com.st.stm32cube.ide.mcu.externaltools.gnu-tools-for-stm32.7-2018-q2-update.win32_1.0.0.201904181610/tools/bin/../lib/gcc/arm-none-eabi/7.3.1/../../../../arm-none-eabi/lib/thumb/v7e-m/fpv4-sp/hard\libnosys.a(write.o)
 .ARM.attributes
                0x0000000000000000       0x34 c:/st/stm32cubeide_1.1.0/stm32cubeide/plugins/com.st.stm32cube.ide.mcu.externaltools.gnu-tools-for-stm32.7-2018-q2-update.win32_1.0.0.201904181610/tools/bin/../lib/gcc/arm-none-eabi/7.3.1/../../../../arm-none-eabi/lib/thumb/v7e-m/fpv4-sp/hard\libnosys.a(write.o)
 .text          0x0000000000000000        0x0 c:/st/stm32cubeide_1.1.0/stm32cubeide/plugins/com.st.stm32cube.ide.mcu.externaltools.gnu-tools-for-stm32.7-2018-q2-update.win32_1.0.0.201904181610/tools/bin/../lib/gcc/arm-none-eabi/7.3.1/../../../../arm-none-eabi/lib/thumb/v7e-m/fpv4-sp/hard\libnosys.a(_exit.o)
 .data          0x0000000000000000        0x0 c:/st/stm32cubeide_1.1.0/stm32cubeide/plugins/com.st.stm32cube.ide.mcu.externaltools.gnu-tools-for-stm32.7-2018-q2-update.win32_1.0.0.201904181610/tools/bin/../lib/gcc/arm-none-eabi/7.3.1/../../../../arm-none-eabi/lib/thumb/v7e-m/fpv4-sp/hard\libnosys.a(_exit.o)
 .bss           0x0000000000000000        0x0 c:/st/stm32cubeide_1.1.0/stm32cubeide/plugins/com.st.stm32cube.ide.mcu.externaltools.gnu-tools-for-stm32.7-2018-q2-update.win32_1.0.0.201904181610/tools/bin/../lib/gcc/arm-none-eabi/7.3.1/../../../../arm-none-eabi/lib/thumb/v7e-m/fpv4-sp/hard\libnosys.a(_exit.o)
 .text._exit    0x0000000000000000        0x2 c:/st/stm32cubeide_1.1.0/stm32cubeide/plugins/com.st.stm32cube.ide.mcu.externaltools.gnu-tools-for-stm32.7-2018-q2-update.win32_1.0.0.201904181610/tools/bin/../lib/gcc/arm-none-eabi/7.3.1/../../../../arm-none-eabi/lib/thumb/v7e-m/fpv4-sp/hard\libnosys.a(_exit.o)
 .debug_frame   0x0000000000000000       0x20 c:/st/stm32cubeide_1.1.0/stm32cubeide/plugins/com.st.stm32cube.ide.mcu.externaltools.gnu-tools-for-stm32.7-2018-q2-update.win32_1.0.0.201904181610/tools/bin/../lib/gcc/arm-none-eabi/7.3.1/../../../../arm-none-eabi/lib/thumb/v7e-m/fpv4-sp/hard\libnosys.a(_exit.o)
 .ARM.attributes
                0x0000000000000000       0x34 c:/st/stm32cubeide_1.1.0/stm32cubeide/plugins/com.st.stm32cube.ide.mcu.externaltools.gnu-tools-for-stm32.7-2018-q2-update.win32_1.0.0.201904181610/tools/bin/../lib/gcc/arm-none-eabi/7.3.1/../../../../arm-none-eabi/lib/thumb/v7e-m/fpv4-sp/hard\libnosys.a(_exit.o)
 .text          0x0000000000000000        0x0 c:/st/stm32cubeide_1.1.0/stm32cubeide/plugins/com.st.stm32cube.ide.mcu.externaltools.gnu-tools-for-stm32.7-2018-q2-update.win32_1.0.0.201904181610/tools/bin/../lib/gcc/arm-none-eabi/7.3.1/../../../../arm-none-eabi/lib/thumb/v7e-m/fpv4-sp/hard\libnosys.a(errno.o)
 .data          0x0000000000000000        0x0 c:/st/stm32cubeide_1.1.0/stm32cubeide/plugins/com.st.stm32cube.ide.mcu.externaltools.gnu-tools-for-stm32.7-2018-q2-update.win32_1.0.0.201904181610/tools/bin/../lib/gcc/arm-none-eabi/7.3.1/../../../../arm-none-eabi/lib/thumb/v7e-m/fpv4-sp/hard\libnosys.a(errno.o)
 .bss           0x0000000000000000        0x0 c:/st/stm32cubeide_1.1.0/stm32cubeide/plugins/com.st.stm32cube.ide.mcu.externaltools.gnu-tools-for-stm32.7-2018-q2-update.win32_1.0.0.201904181610/tools/bin/../lib/gcc/arm-none-eabi/7.3.1/../../../../arm-none-eabi/lib/thumb/v7e-m/fpv4-sp/hard\libnosys.a(errno.o)
 .ARM.attributes
                0x0000000000000000       0x34 c:/st/stm32cubeide_1.1.0/stm32cubeide/plugins/com.st.stm32cube.ide.mcu.externaltools.gnu-tools-for-stm32.7-2018-q2-update.win32_1.0.0.201904181610/tools/bin/../lib/gcc/arm-none-eabi/7.3.1/../../../../arm-none-eabi/lib/thumb/v7e-m/fpv4-sp/hard\libnosys.a(errno.o)
 COMMON         0x0000000000000000        0x4 c:/st/stm32cubeide_1.1.0/stm32cubeide/plugins/com.st.stm32cube.ide.mcu.externaltools.gnu-tools-for-stm32.7-2018-q2-update.win32_1.0.0.201904181610/tools/bin/../lib/gcc/arm-none-eabi/7.3.1/../../../../arm-none-eabi/lib/thumb/v7e-m/fpv4-sp/hard\libnosys.a(errno.o)
 .text          0x0000000000000000        0x0 c:/st/stm32cubeide_1.1.0/stm32cubeide/plugins/com.st.stm32cube.ide.mcu.externaltools.gnu-tools-for-stm32.7-2018-q2-update.win32_1.0.0.201904181610/tools/bin/../lib/gcc/arm-none-eabi/7.3.1/thumb/v7e-m/fpv4-sp/hard/crtend.o
 .data          0x0000000000000000        0x0 c:/st/stm32cubeide_1.1.0/stm32cubeide/plugins/com.st.stm32cube.ide.mcu.externaltools.gnu-tools-for-stm32.7-2018-q2-update.win32_1.0.0.201904181610/tools/bin/../lib/gcc/arm-none-eabi/7.3.1/thumb/v7e-m/fpv4-sp/hard/crtend.o
 .bss           0x0000000000000000        0x0 c:/st/stm32cubeide_1.1.0/stm32cubeide/plugins/com.st.stm32cube.ide.mcu.externaltools.gnu-tools-for-stm32.7-2018-q2-update.win32_1.0.0.201904181610/tools/bin/../lib/gcc/arm-none-eabi/7.3.1/thumb/v7e-m/fpv4-sp/hard/crtend.o
 .eh_frame      0x0000000000000000        0x4 c:/st/stm32cubeide_1.1.0/stm32cubeide/plugins/com.st.stm32cube.ide.mcu.externaltools.gnu-tools-for-stm32.7-2018-q2-update.win32_1.0.0.201904181610/tools/bin/../lib/gcc/arm-none-eabi/7.3.1/thumb/v7e-m/fpv4-sp/hard/crtend.o
 .ARM.attributes
                0x0000000000000000       0x34 c:/st/stm32cubeide_1.1.0/stm32cubeide/plugins/com.st.stm32cube.ide.mcu.externaltools.gnu-tools-for-stm32.7-2018-q2-update.win32_1.0.0.201904181610/tools/bin/../lib/gcc/arm-none-eabi/7.3.1/thumb/v7e-m/fpv4-sp/hard/crtend.o
 .text          0x0000000000000000        0x0 c:/st/stm32cubeide_1.1.0/stm32cubeide/plugins/com.st.stm32cube.ide.mcu.externaltools.gnu-tools-for-stm32.7-2018-q2-update.win32_1.0.0.201904181610/tools/bin/../lib/gcc/arm-none-eabi/7.3.1/thumb/v7e-m/fpv4-sp/hard/crtn.o
 .data          0x0000000000000000        0x0 c:/st/stm32cubeide_1.1.0/stm32cubeide/plugins/com.st.stm32cube.ide.mcu.externaltools.gnu-tools-for-stm32.7-2018-q2-update.win32_1.0.0.201904181610/tools/bin/../lib/gcc/arm-none-eabi/7.3.1/thumb/v7e-m/fpv4-sp/hard/crtn.o
 .bss           0x0000000000000000        0x0 c:/st/stm32cubeide_1.1.0/stm32cubeide/plugins/com.st.stm32cube.ide.mcu.externaltools.gnu-tools-for-stm32.7-2018-q2-update.win32_1.0.0.201904181610/tools/bin/../lib/gcc/arm-none-eabi/7.3.1/thumb/v7e-m/fpv4-sp/hard/crtn.o

Memory Configuration

Name             Origin             Length             Attributes
FLASH            0x0000000008000000 0x0000000000100000 xr
RAM              0x0000000020000000 0x0000000000018000 xrw
RAM2             0x0000000010000000 0x0000000000008000 rw
MEMORY_B1        0x0000000060000000 0x0000000000000000 xr
*default*        0x0000000000000000 0xffffffffffffffff

Linker script and memory map

LOAD c:/st/stm32cubeide_1.1.0/stm32cubeide/plugins/com.st.stm32cube.ide.mcu.externaltools.gnu-tools-for-stm32.7-2018-q2-update.win32_1.0.0.201904181610/tools/bin/../lib/gcc/arm-none-eabi/7.3.1/thumb/v7e-m/fpv4-sp/hard/crti.o
LOAD c:/st/stm32cubeide_1.1.0/stm32cubeide/plugins/com.st.stm32cube.ide.mcu.externaltools.gnu-tools-for-stm32.7-2018-q2-update.win32_1.0.0.201904181610/tools/bin/../lib/gcc/arm-none-eabi/7.3.1/thumb/v7e-m/fpv4-sp/hard/crtbegin.o
LOAD c:/st/stm32cubeide_1.1.0/stm32cubeide/plugins/com.st.stm32cube.ide.mcu.externaltools.gnu-tools-for-stm32.7-2018-q2-update.win32_1.0.0.201904181610/tools/bin/../lib/gcc/arm-none-eabi/7.3.1/../../../../arm-none-eabi/lib/thumb/v7e-m/fpv4-sp/hard/crt0.o
LOAD src/Drivers/GPIO/GPIO.o
LOAD src/Drivers/TIMER/TIMER.o
LOAD src/main.o
LOAD src/startup_stm32l476xx.o
LOAD src/system_stm32l4xx.o
LOAD src/tiny_printf.o
START GROUP
LOAD c:/st/stm32cubeide_1.1.0/stm32cubeide/plugins/com.st.stm32cube.ide.mcu.externaltools.gnu-tools-for-stm32.7-2018-q2-update.win32_1.0.0.201904181610/tools/bin/../lib/gcc/arm-none-eabi/7.3.1/../../../../arm-none-eabi/lib/thumb/v7e-m/fpv4-sp/hard\libc_nano.a
LOAD c:/st/stm32cubeide_1.1.0/stm32cubeide/plugins/com.st.stm32cube.ide.mcu.externaltools.gnu-tools-for-stm32.7-2018-q2-update.win32_1.0.0.201904181610/tools/bin/../lib/gcc/arm-none-eabi/7.3.1/../../../../arm-none-eabi/lib/thumb/v7e-m/fpv4-sp/hard\libm.a
END GROUP
START GROUP
LOAD c:/st/stm32cubeide_1.1.0/stm32cubeide/plugins/com.st.stm32cube.ide.mcu.externaltools.gnu-tools-for-stm32.7-2018-q2-update.win32_1.0.0.201904181610/tools/bin/../lib/gcc/arm-none-eabi/7.3.1/thumb/v7e-m/fpv4-sp/hard\libgcc.a
LOAD c:/st/stm32cubeide_1.1.0/stm32cubeide/plugins/com.st.stm32cube.ide.mcu.externaltools.gnu-tools-for-stm32.7-2018-q2-update.win32_1.0.0.201904181610/tools/bin/../lib/gcc/arm-none-eabi/7.3.1/../../../../arm-none-eabi/lib/thumb/v7e-m/fpv4-sp/hard\libc_nano.a
END GROUP
START GROUP
LOAD c:/st/stm32cubeide_1.1.0/stm32cubeide/plugins/com.st.stm32cube.ide.mcu.externaltools.gnu-tools-for-stm32.7-2018-q2-update.win32_1.0.0.201904181610/tools/bin/../lib/gcc/arm-none-eabi/7.3.1/thumb/v7e-m/fpv4-sp/hard\libgcc.a
LOAD c:/st/stm32cubeide_1.1.0/stm32cubeide/plugins/com.st.stm32cube.ide.mcu.externaltools.gnu-tools-for-stm32.7-2018-q2-update.win32_1.0.0.201904181610/tools/bin/../lib/gcc/arm-none-eabi/7.3.1/../../../../arm-none-eabi/lib/thumb/v7e-m/fpv4-sp/hard\libc_nano.a
LOAD c:/st/stm32cubeide_1.1.0/stm32cubeide/plugins/com.st.stm32cube.ide.mcu.externaltools.gnu-tools-for-stm32.7-2018-q2-update.win32_1.0.0.201904181610/tools/bin/../lib/gcc/arm-none-eabi/7.3.1/../../../../arm-none-eabi/lib/thumb/v7e-m/fpv4-sp/hard\libnosys.a
END GROUP
START GROUP
LOAD c:/st/stm32cubeide_1.1.0/stm32cubeide/plugins/com.st.stm32cube.ide.mcu.externaltools.gnu-tools-for-stm32.7-2018-q2-update.win32_1.0.0.201904181610/tools/bin/../lib/gcc/arm-none-eabi/7.3.1/thumb/v7e-m/fpv4-sp/hard\libgcc.a
LOAD c:/st/stm32cubeide_1.1.0/stm32cubeide/plugins/com.st.stm32cube.ide.mcu.externaltools.gnu-tools-for-stm32.7-2018-q2-update.win32_1.0.0.201904181610/tools/bin/../lib/gcc/arm-none-eabi/7.3.1/../../../../arm-none-eabi/lib/thumb/v7e-m/fpv4-sp/hard\libc_nano.a
LOAD c:/st/stm32cubeide_1.1.0/stm32cubeide/plugins/com.st.stm32cube.ide.mcu.externaltools.gnu-tools-for-stm32.7-2018-q2-update.win32_1.0.0.201904181610/tools/bin/../lib/gcc/arm-none-eabi/7.3.1/../../../../arm-none-eabi/lib/thumb/v7e-m/fpv4-sp/hard\libnosys.a
END GROUP
LOAD c:/st/stm32cubeide_1.1.0/stm32cubeide/plugins/com.st.stm32cube.ide.mcu.externaltools.gnu-tools-for-stm32.7-2018-q2-update.win32_1.0.0.201904181610/tools/bin/../lib/gcc/arm-none-eabi/7.3.1/thumb/v7e-m/fpv4-sp/hard/crtend.o
LOAD c:/st/stm32cubeide_1.1.0/stm32cubeide/plugins/com.st.stm32cube.ide.mcu.externaltools.gnu-tools-for-stm32.7-2018-q2-update.win32_1.0.0.201904181610/tools/bin/../lib/gcc/arm-none-eabi/7.3.1/thumb/v7e-m/fpv4-sp/hard/crtn.o
                0x0000000020018000                _estack = 0x20018000
                0x0000000000000000                _Min_Heap_Size = 0x0
                0x0000000000000400                _Min_Stack_Size = 0x400

.isr_vector     0x0000000008000000      0x188
                0x0000000008000000                . = ALIGN (0x4)
 *(.isr_vector)
 .isr_vector    0x0000000008000000      0x188 src/startup_stm32l476xx.o
                0x0000000008000000                g_pfnVectors
                0x0000000008000188                . = ALIGN (0x4)

.text           0x0000000008000188      0x328
                0x0000000008000188                . = ALIGN (0x4)
 *(.text)
 .text          0x0000000008000188       0x40 c:/st/stm32cubeide_1.1.0/stm32cubeide/plugins/com.st.stm32cube.ide.mcu.externaltools.gnu-tools-for-stm32.7-2018-q2-update.win32_1.0.0.201904181610/tools/bin/../lib/gcc/arm-none-eabi/7.3.1/thumb/v7e-m/fpv4-sp/hard/crtbegin.o
 *(.text*)
 .text.IOPortInit
                0x00000000080001c8       0x80 src/Drivers/GPIO/GPIO.o
                0x00000000080001c8                IOPortInit
 .text.IOPinMode
                0x0000000008000248       0x6c src/Drivers/GPIO/GPIO.o
                0x0000000008000248                IOPinMode
 .text.ReloadTimerInit
                0x00000000080002b4       0x7c src/Drivers/TIMER/TIMER.o
                0x00000000080002b4                ReloadTimerInit
 .text.TIM2_IRQHandler
                0x0000000008000330       0x4c src/Drivers/TIMER/TIMER.o
                0x0000000008000330                TIM2_IRQHandler
 .text.main     0x000000000800037c       0x14 src/main.o
                0x000000000800037c                main
 .text.Reset_Handler
                0x0000000008000390       0x50 src/startup_stm32l476xx.o
                0x0000000008000390                Reset_Handler
 .text.Default_Handler
                0x00000000080003e0        0x2 src/startup_stm32l476xx.o
                0x00000000080003e0                RTC_Alarm_IRQHandler
                0x00000000080003e0                EXTI2_IRQHandler
                0x00000000080003e0                TIM8_TRG_COM_IRQHandler
                0x00000000080003e0                TIM8_CC_IRQHandler
                0x00000000080003e0                DebugMon_Handler
                0x00000000080003e0                TIM1_CC_IRQHandler
                0x00000000080003e0                TSC_IRQHandler
                0x00000000080003e0                HardFault_Handler
                0x00000000080003e0                SysTick_Handler
                0x00000000080003e0                TAMP_STAMP_IRQHandler
                0x00000000080003e0                PendSV_Handler
                0x00000000080003e0                NMI_Handler
                0x00000000080003e0                EXTI3_IRQHandler
                0x00000000080003e0                LPTIM2_IRQHandler
                0x00000000080003e0                DFSDM1_FLT1_IRQHandler
                0x00000000080003e0                I2C3_ER_IRQHandler
                0x00000000080003e0                DFSDM1_FLT2_IRQHandler
                0x00000000080003e0                EXTI0_IRQHandler
                0x00000000080003e0                I2C2_EV_IRQHandler
                0x00000000080003e0                CAN1_RX0_IRQHandler
                0x00000000080003e0                FPU_IRQHandler
                0x00000000080003e0                TIM1_UP_TIM16_IRQHandler
                0x00000000080003e0                UsageFault_Handler
                0x00000000080003e0                ADC1_2_IRQHandler
                0x00000000080003e0                SPI1_IRQHandler
                0x00000000080003e0                TIM6_DAC_IRQHandler
                0x00000000080003e0                TIM8_UP_IRQHandler
                0x00000000080003e0                DMA2_Channel2_IRQHandler
                0x00000000080003e0                DMA1_Channel4_IRQHandler
                0x00000000080003e0                SAI2_IRQHandler
                0x00000000080003e0                DFSDM1_FLT3_IRQHandler
                0x00000000080003e0                USART3_IRQHandler
                0x00000000080003e0                DMA1_Channel7_IRQHandler
                0x00000000080003e0                CAN1_RX1_IRQHandler
                0x00000000080003e0                LCD_IRQHandler
                0x00000000080003e0                UART5_IRQHandler
                0x00000000080003e0                ADC3_IRQHandler
                0x00000000080003e0                TIM4_IRQHandler
                0x00000000080003e0                DMA2_Channel1_IRQHandler
                0x00000000080003e0                QUADSPI_IRQHandler
                0x00000000080003e0                I2C1_EV_IRQHandler
                0x00000000080003e0                DMA1_Channel6_IRQHandler
                0x00000000080003e0                UART4_IRQHandler
                0x00000000080003e0                DMA2_Channel4_IRQHandler
                0x00000000080003e0                TIM3_IRQHandler
                0x00000000080003e0                RCC_IRQHandler
                0x00000000080003e0                DMA1_Channel1_IRQHandler
                0x00000000080003e0                Default_Handler
                0x00000000080003e0                DMA2_Channel7_IRQHandler
                0x00000000080003e0                EXTI15_10_IRQHandler
                0x00000000080003e0                TIM7_IRQHandler
                0x00000000080003e0                SDMMC1_IRQHandler
                0x00000000080003e0                TIM5_IRQHandler
                0x00000000080003e0                I2C3_EV_IRQHandler
                0x00000000080003e0                EXTI9_5_IRQHandler
                0x00000000080003e0                RTC_WKUP_IRQHandler
                0x00000000080003e0                PVD_PVM_IRQHandler
                0x00000000080003e0                SPI2_IRQHandler
                0x00000000080003e0                MemManage_Handler
                0x00000000080003e0                CAN1_TX_IRQHandler
                0x00000000080003e0                SVC_Handler
                0x00000000080003e0                DMA2_Channel5_IRQHandler
                0x00000000080003e0                DMA1_Channel5_IRQHandler
                0x00000000080003e0                EXTI4_IRQHandler
                0x00000000080003e0                RNG_IRQHandler
                0x00000000080003e0                TIM1_TRG_COM_TIM17_IRQHandler
                0x00000000080003e0                DMA1_Channel3_IRQHandler
                0x00000000080003e0                COMP_IRQHandler
                0x00000000080003e0                WWDG_IRQHandler
                0x00000000080003e0                LPUART1_IRQHandler
                0x00000000080003e0                DMA2_Channel6_IRQHandler
                0x00000000080003e0                EXTI1_IRQHandler
                0x00000000080003e0                USART2_IRQHandler
                0x00000000080003e0                DFSDM1_FLT0_IRQHandler
                0x00000000080003e0                I2C2_ER_IRQHandler
                0x00000000080003e0                DMA1_Channel2_IRQHandler
                0x00000000080003e0                TIM8_BRK_IRQHandler
                0x00000000080003e0                CAN1_SCE_IRQHandler
                0x00000000080003e0                FLASH_IRQHandler
                0x00000000080003e0                BusFault_Handler
                0x00000000080003e0                USART1_IRQHandler
                0x00000000080003e0                OTG_FS_IRQHandler
                0x00000000080003e0                SPI3_IRQHandler
                0x00000000080003e0                I2C1_ER_IRQHandler
                0x00000000080003e0                FMC_IRQHandler
                0x00000000080003e0                SWPMI1_IRQHandler
                0x00000000080003e0                LPTIM1_IRQHandler
                0x00000000080003e0                SAI1_IRQHandler
                0x00000000080003e0                DMA2_Channel3_IRQHandler
                0x00000000080003e0                TIM1_BRK_TIM15_IRQHandler
 *fill*         0x00000000080003e2        0x2 
 .text.SystemInit
                0x00000000080003e4       0x6c src/system_stm32l4xx.o
                0x00000000080003e4                SystemInit
 .text.__libc_init_array
                0x0000000008000450       0x48 c:/st/stm32cubeide_1.1.0/stm32cubeide/plugins/com.st.stm32cube.ide.mcu.externaltools.gnu-tools-for-stm32.7-2018-q2-update.win32_1.0.0.201904181610/tools/bin/../lib/gcc/arm-none-eabi/7.3.1/../../../../arm-none-eabi/lib/thumb/v7e-m/fpv4-sp/hard\libc_nano.a(lib_a-init.o)
                0x0000000008000450                __libc_init_array
 *(.glue_7)
 .glue_7        0x0000000008000498        0x0 linker stubs
 *(.glue_7t)
 .glue_7t       0x0000000008000498        0x0 linker stubs
 *(.eh_frame)
 .eh_frame      0x0000000008000498        0x0 c:/st/stm32cubeide_1.1.0/stm32cubeide/plugins/com.st.stm32cube.ide.mcu.externaltools.gnu-tools-for-stm32.7-2018-q2-update.win32_1.0.0.201904181610/tools/bin/../lib/gcc/arm-none-eabi/7.3.1/thumb/v7e-m/fpv4-sp/hard/crtbegin.o
 *(.init)
 .init          0x0000000008000498        0x4 c:/st/stm32cubeide_1.1.0/stm32cubeide/plugins/com.st.stm32cube.ide.mcu.externaltools.gnu-tools-for-stm32.7-2018-q2-update.win32_1.0.0.201904181610/tools/bin/../lib/gcc/arm-none-eabi/7.3.1/thumb/v7e-m/fpv4-sp/hard/crti.o
                0x0000000008000498                _init
 .init          0x000000000800049c        0x8 c:/st/stm32cubeide_1.1.0/stm32cubeide/plugins/com.st.stm32cube.ide.mcu.externaltools.gnu-tools-for-stm32.7-2018-q2-update.win32_1.0.0.201904181610/tools/bin/../lib/gcc/arm-none-eabi/7.3.1/thumb/v7e-m/fpv4-sp/hard/crtn.o
 *(.fini)
 .fini          0x00000000080004a4        0x4 c:/st/stm32cubeide_1.1.0/stm32cubeide/plugins/com.st.stm32cube.ide.mcu.externaltools.gnu-tools-for-stm32.7-2018-q2-update.win32_1.0.0.201904181610/tools/bin/../lib/gcc/arm-none-eabi/7.3.1/thumb/v7e-m/fpv4-sp/hard/crti.o
                0x00000000080004a4                _fini
 .fini          0x00000000080004a8        0x8 c:/st/stm32cubeide_1.1.0/stm32cubeide/plugins/com.st.stm32cube.ide.mcu.externaltools.gnu-tools-for-stm32.7-2018-q2-update.win32_1.0.0.201904181610/tools/bin/../lib/gcc/arm-none-eabi/7.3.1/thumb/v7e-m/fpv4-sp/hard/crtn.o
                0x00000000080004b0                . = ALIGN (0x4)
                0x00000000080004b0                _etext = .

.vfp11_veneer   0x00000000080004b0        0x0
 .vfp11_veneer  0x00000000080004b0        0x0 linker stubs

.v4_bx          0x00000000080004b0        0x0
 .v4_bx         0x00000000080004b0        0x0 linker stubs

.iplt           0x00000000080004b0        0x0
 .iplt          0x00000000080004b0        0x0 c:/st/stm32cubeide_1.1.0/stm32cubeide/plugins/com.st.stm32cube.ide.mcu.externaltools.gnu-tools-for-stm32.7-2018-q2-update.win32_1.0.0.201904181610/tools/bin/../lib/gcc/arm-none-eabi/7.3.1/thumb/v7e-m/fpv4-sp/hard/crtbegin.o

.rel.dyn        0x00000000080004b0        0x0
 .rel.iplt      0x00000000080004b0        0x0 c:/st/stm32cubeide_1.1.0/stm32cubeide/plugins/com.st.stm32cube.ide.mcu.externaltools.gnu-tools-for-stm32.7-2018-q2-update.win32_1.0.0.201904181610/tools/bin/../lib/gcc/arm-none-eabi/7.3.1/thumb/v7e-m/fpv4-sp/hard/crtbegin.o

.rodata         0x00000000080004b0        0x0
                0x00000000080004b0                . = ALIGN (0x4)
 *(.rodata)
 *(.rodata*)
                0x00000000080004b0                . = ALIGN (0x4)

.ARM.extab
 *(.ARM.extab* .gnu.linkonce.armextab.*)

.ARM            0x00000000080004b0        0x0
                0x00000000080004b0                __exidx_start = .
 *(.ARM.exidx*)
                0x00000000080004b0                __exidx_end = .

.preinit_array  0x00000000080004b0        0x0
                0x00000000080004b0                PROVIDE (__preinit_array_start = .)
 *(.preinit_array*)
                0x00000000080004b0                PROVIDE (__preinit_array_end = .)

.init_array     0x00000000080004b0        0x4
                0x00000000080004b0                PROVIDE (__init_array_start = .)
 *(SORT_BY_NAME(.init_array.*))
 *(.init_array*)
 .init_array    0x00000000080004b0        0x4 c:/st/stm32cubeide_1.1.0/stm32cubeide/plugins/com.st.stm32cube.ide.mcu.externaltools.gnu-tools-for-stm32.7-2018-q2-update.win32_1.0.0.201904181610/tools/bin/../lib/gcc/arm-none-eabi/7.3.1/thumb/v7e-m/fpv4-sp/hard/crtbegin.o
                0x00000000080004b4                PROVIDE (__init_array_end = .)

.fini_array     0x00000000080004b4        0x4
                [!provide]                        PROVIDE (__fini_array_start = .)
 *(SORT_BY_NAME(.fini_array.*))
 *(.fini_array*)
 .fini_array    0x00000000080004b4        0x4 c:/st/stm32cubeide_1.1.0/stm32cubeide/plugins/com.st.stm32cube.ide.mcu.externaltools.gnu-tools-for-stm32.7-2018-q2-update.win32_1.0.0.201904181610/tools/bin/../lib/gcc/arm-none-eabi/7.3.1/thumb/v7e-m/fpv4-sp/hard/crtbegin.o
                [!provide]                        PROVIDE (__fini_array_end = .)
                0x00000000080004b8                _sidata = LOADADDR (.data)

.data           0x0000000020000000        0x0 load address 0x00000000080004b8
                0x0000000020000000                . = ALIGN (0x4)
                0x0000000020000000                _sdata = .
 *(.data)
 *(.data*)
                0x0000000020000000                . = ALIGN (0x4)
                0x0000000020000000                _edata = .
                0x00000000080004b8                _siram2 = LOADADDR (.ram2)

.igot.plt       0x0000000020000000        0x0 load address 0x00000000080004b8
 .igot.plt      0x0000000020000000        0x0 c:/st/stm32cubeide_1.1.0/stm32cubeide/plugins/com.st.stm32cube.ide.mcu.externaltools.gnu-tools-for-stm32.7-2018-q2-update.win32_1.0.0.201904181610/tools/bin/../lib/gcc/arm-none-eabi/7.3.1/thumb/v7e-m/fpv4-sp/hard/crtbegin.o

.ram2           0x0000000010000000        0x0 load address 0x00000000080004b8
                0x0000000010000000                . = ALIGN (0x4)
                0x0000000010000000                _sram2 = .
 *(.ram2)
 *(.ram2*)
                0x0000000010000000                . = ALIGN (0x4)
                0x0000000010000000                _eram2 = .
                0x0000000010000000                . = ALIGN (0x4)

.bss            0x0000000020000000       0x20
                0x0000000020000000                _sbss = .
                0x0000000020000000                __bss_start__ = _sbss
 *(.bss)
 .bss           0x0000000020000000       0x1c c:/st/stm32cubeide_1.1.0/stm32cubeide/plugins/com.st.stm32cube.ide.mcu.externaltools.gnu-tools-for-stm32.7-2018-q2-update.win32_1.0.0.201904181610/tools/bin/../lib/gcc/arm-none-eabi/7.3.1/thumb/v7e-m/fpv4-sp/hard/crtbegin.o
 *(.bss*)
 .bss.i.6969    0x000000002000001c        0x4 src/Drivers/TIMER/TIMER.o
 *(COMMON)
                0x0000000020000020                . = ALIGN (0x4)
                0x0000000020000020                _ebss = .
                0x0000000020000020                __bss_end__ = _ebss

._user_heap_stack
                0x0000000020000020      0x400
                0x0000000020000020                . = ALIGN (0x4)
                [!provide]                        PROVIDE (end = .)
                [!provide]                        PROVIDE (_end = .)
                0x0000000020000020                . = (. + _Min_Heap_Size)
                0x0000000020000420                . = (. + _Min_Stack_Size)
 *fill*         0x0000000020000020      0x400 
                0x0000000020000420                . = ALIGN (0x4)

.memory_b1_text
 *(.mb1text)
 *(.mb1text*)
 *(.mb1rodata)
 *(.mb1rodata*)

/DISCARD/
 libc.a(*)
 libm.a(*)
 libgcc.a(*)

.ARM.attributes
                0x0000000000000000       0x30
 *(.ARM.attributes)
 .ARM.attributes
                0x0000000000000000       0x22 c:/st/stm32cubeide_1.1.0/stm32cubeide/plugins/com.st.stm32cube.ide.mcu.externaltools.gnu-tools-for-stm32.7-2018-q2-update.win32_1.0.0.201904181610/tools/bin/../lib/gcc/arm-none-eabi/7.3.1/thumb/v7e-m/fpv4-sp/hard/crti.o
 .ARM.attributes
                0x0000000000000022       0x34 c:/st/stm32cubeide_1.1.0/stm32cubeide/plugins/com.st.stm32cube.ide.mcu.externaltools.gnu-tools-for-stm32.7-2018-q2-update.win32_1.0.0.201904181610/tools/bin/../lib/gcc/arm-none-eabi/7.3.1/thumb/v7e-m/fpv4-sp/hard/crtbegin.o
 .ARM.attributes
                0x0000000000000056       0x39 src/Drivers/GPIO/GPIO.o
 .ARM.attributes
                0x000000000000008f       0x39 src/Drivers/TIMER/TIMER.o
 .ARM.attributes
                0x00000000000000c8       0x39 src/main.o
 .ARM.attributes
                0x0000000000000101       0x21 src/startup_stm32l476xx.o
 .ARM.attributes
                0x0000000000000122       0x39 src/system_stm32l4xx.o
 .ARM.attributes
                0x000000000000015b       0x34 c:/st/stm32cubeide_1.1.0/stm32cubeide/plugins/com.st.stm32cube.ide.mcu.externaltools.gnu-tools-for-stm32.7-2018-q2-update.win32_1.0.0.201904181610/tools/bin/../lib/gcc/arm-none-eabi/7.3.1/../../../../arm-none-eabi/lib/thumb/v7e-m/fpv4-sp/hard\libc_nano.a(lib_a-init.o)
 .ARM.attributes
                0x000000000000018f       0x22 c:/st/stm32cubeide_1.1.0/stm32cubeide/plugins/com.st.stm32cube.ide.mcu.externaltools.gnu-tools-for-stm32.7-2018-q2-update.win32_1.0.0.201904181610/tools/bin/../lib/gcc/arm-none-eabi/7.3.1/thumb/v7e-m/fpv4-sp/hard/crtn.o
OUTPUT(OpenPtf.elf elf32-littlearm)

.debug_info     0x0000000000000000     0x14ba
 .debug_info    0x0000000000000000      0x448 src/Drivers/GPIO/GPIO.o
 .debug_info    0x0000000000000448      0x845 src/Drivers/TIMER/TIMER.o
 .debug_info    0x0000000000000c8d      0x257 src/main.o
 .debug_info    0x0000000000000ee4       0x22 src/startup_stm32l476xx.o
 .debug_info    0x0000000000000f06      0x5b4 src/system_stm32l4xx.o

.debug_abbrev   0x0000000000000000      0x49c
 .debug_abbrev  0x0000000000000000      0x104 src/Drivers/GPIO/GPIO.o
 .debug_abbrev  0x0000000000000104      0x14c src/Drivers/TIMER/TIMER.o
 .debug_abbrev  0x0000000000000250      0x106 src/main.o
 .debug_abbrev  0x0000000000000356       0x12 src/startup_stm32l476xx.o
 .debug_abbrev  0x0000000000000368      0x134 src/system_stm32l4xx.o

.debug_aranges  0x0000000000000000       0xd0
 .debug_aranges
                0x0000000000000000       0x28 src/Drivers/GPIO/GPIO.o
 .debug_aranges
                0x0000000000000028       0x28 src/Drivers/TIMER/TIMER.o
 .debug_aranges
                0x0000000000000050       0x30 src/main.o
 .debug_aranges
                0x0000000000000080       0x28 src/startup_stm32l476xx.o
 .debug_aranges
                0x00000000000000a8       0x28 src/system_stm32l4xx.o

.debug_ranges   0x0000000000000000       0x88
 .debug_ranges  0x0000000000000000       0x18 src/Drivers/GPIO/GPIO.o
 .debug_ranges  0x0000000000000018       0x18 src/Drivers/TIMER/TIMER.o
 .debug_ranges  0x0000000000000030       0x20 src/main.o
 .debug_ranges  0x0000000000000050       0x20 src/startup_stm32l476xx.o
 .debug_ranges  0x0000000000000070       0x18 src/system_stm32l4xx.o

.debug_macro    0x0000000000000000    0x1c2f1
 .debug_macro   0x0000000000000000       0xdc src/Drivers/GPIO/GPIO.o
 .debug_macro   0x00000000000000dc      0xa4e src/Drivers/GPIO/GPIO.o
 .debug_macro   0x0000000000000b2a       0x2e src/Drivers/GPIO/GPIO.o
 .debug_macro   0x0000000000000b58       0x28 src/Drivers/GPIO/GPIO.o
 .debug_macro   0x0000000000000b80       0x22 src/Drivers/GPIO/GPIO.o
 .debug_macro   0x0000000000000ba2       0x8e src/Drivers/GPIO/GPIO.o
 .debug_macro   0x0000000000000c30       0x51 src/Drivers/GPIO/GPIO.o
 .debug_macro   0x0000000000000c81       0xef src/Drivers/GPIO/GPIO.o
 .debug_macro   0x0000000000000d70       0x6a src/Drivers/GPIO/GPIO.o
 .debug_macro   0x0000000000000dda      0x1df src/Drivers/GPIO/GPIO.o
 .debug_macro   0x0000000000000fb9       0x35 src/Drivers/GPIO/GPIO.o
 .debug_macro   0x0000000000000fee       0x50 src/Drivers/GPIO/GPIO.o
 .debug_macro   0x000000000000103e      0xe66 src/Drivers/GPIO/GPIO.o
 .debug_macro   0x0000000000001ea4    0x1a121 src/Drivers/GPIO/GPIO.o
 .debug_macro   0x000000000001bfc5       0x43 src/Drivers/GPIO/GPIO.o
 .debug_macro   0x000000000001c008       0x16 src/Drivers/GPIO/GPIO.o
 .debug_macro   0x000000000001c01e       0x16 src/Drivers/GPIO/GPIO.o
 .debug_macro   0x000000000001c034       0xf4 src/Drivers/TIMER/TIMER.o
 .debug_macro   0x000000000001c128       0xe6 src/main.o
 .debug_macro   0x000000000001c20e       0xe3 src/system_stm32l4xx.o

.debug_line     0x0000000000000000     0x1332
 .debug_line    0x0000000000000000      0x4a0 src/Drivers/GPIO/GPIO.o
 .debug_line    0x00000000000004a0      0x4b6 src/Drivers/TIMER/TIMER.o
 .debug_line    0x0000000000000956      0x4ca src/main.o
 .debug_line    0x0000000000000e20       0x7b src/startup_stm32l476xx.o
 .debug_line    0x0000000000000e9b      0x497 src/system_stm32l4xx.o

.debug_str      0x0000000000000000    0x9ce05
 .debug_str     0x0000000000000000    0x9c6ab src/Drivers/GPIO/GPIO.o
                                      0x9c853 (size before relaxing)
 .debug_str     0x000000000009c6ab      0x5e2 src/Drivers/TIMER/TIMER.o
                                      0x9ce6f (size before relaxing)
 .debug_str     0x000000000009cc8d       0x45 src/main.o
                                      0x9c71a (size before relaxing)
 .debug_str     0x000000000009ccd2       0x2b src/startup_stm32l476xx.o
                                         0x66 (size before relaxing)
 .debug_str     0x000000000009ccfd      0x108 src/system_stm32l4xx.o
                                      0x9c8a0 (size before relaxing)

.comment        0x0000000000000000       0x7b
 .comment       0x0000000000000000       0x7b src/Drivers/GPIO/GPIO.o
                                         0x7c (size before relaxing)
 .comment       0x000000000000007b       0x7c src/Drivers/TIMER/TIMER.o
 .comment       0x000000000000007b       0x7c src/main.o
 .comment       0x000000000000007b       0x7c src/system_stm32l4xx.o

.debug_frame    0x0000000000000000      0x198
 .debug_frame   0x0000000000000000       0x58 src/Drivers/GPIO/GPIO.o
 .debug_frame   0x0000000000000058       0x4c src/Drivers/TIMER/TIMER.o
 .debug_frame   0x00000000000000a4       0x70 src/main.o
 .debug_frame   0x0000000000000114       0x58 src/system_stm32l4xx.o
 .debug_frame   0x000000000000016c       0x2c c:/st/stm32cubeide_1.1.0/stm32cubeide/plugins/com.st.stm32cube.ide.mcu.externaltools.gnu-tools-for-stm32.7-2018-q2-update.win32_1.0.0.201904181610/tools/bin/../lib/gcc/arm-none-eabi/7.3.1/../../../../arm-none-eabi/lib/thumb/v7e-m/fpv4-sp/hard\libc_nano.a(lib_a-init.o)

.stabstr        0x0000000000000000       0x3f
 .stabstr       0x0000000000000000       0x3f c:/st/stm32cubeide_1.1.0/stm32cubeide/plugins/com.st.stm32cube.ide.mcu.externaltools.gnu-tools-for-stm32.7-2018-q2-update.win32_1.0.0.201904181610/tools/bin/../lib/gcc/arm-none-eabi/7.3.1/../../../../arm-none-eabi/lib/thumb/v7e-m/fpv4-sp/hard\libnosys.a(write.o)
